// Jest Snapshot v1, https://goo.gl/fbAQLP

exports[`login view renders container with chikd component successfully 1`] = `ShallowWrapper {}`;
