// Jest Snapshot v1, https://goo.gl/fbAQLP

exports[`Home Page renders home page successfully 1`] = `ShallowWrapper {}`;
